// Jest Snapshot v1, https://goo.gl/fbAQLP

exports[`src/containers/pages/interventionPlan/updateplan/caseDetials renders correctly: Case Details 1`] = `"Case Number: 191316000004593200125140915723Case DetailsCase InformationAge13Case Class.ADate of DiagnosisJanuary 25, 2020 12:00 AMHouse NumberInvestigation DateJanuary 24, 2020 12:00 AMCase Notif. DateJanuary 25, 2020 12:00 AMPatient NameชาวาดีSpeciesVSurnameดารากมล Foci of ResidenceClassificationA1Identifier88684506-605d-41db-b904-efbaf9795d2aNameแม่หิต (6305010804)"`;

exports[`src/containers/pages/interventionPlan/updateplan/caseDetials works well with store: Case Details 1`] = `"Case Number: 191316000004593200125140915723Case DetailsCase InformationAge13Case Class.ADate of DiagnosisJanuary 25, 2020 12:00 AMHouse NumberInvestigation DateJanuary 24, 2020 12:00 AMCase Notif. DateJanuary 25, 2020 12:00 AMPatient NameชาวาดีSpeciesVSurnameดารากมล Foci of ResidenceClassificationA1Identifier88684506-605d-41db-b904-efbaf9795d2aNameแม่หิต (6305010804)"`;
