// Jest Snapshot v1, https://goo.gl/fbAQLP

exports[`src/containers/pages/interventionPlan/updateplan/caseDetials renders correctly: Case Details 1`] = `"Case Number: 191316000004593200125140915723Case DetailsCase InformationAge: 13Case Class.: ADate of Diagnosis: 2020-01-25House Number: Investigation Date: 2020-01-24Case Notif. Date: 2020-01-25Patient Name: ชาวาดีSpecies: VSurname: ดารากมล Foci of ResidenceClassification: A1id: 88684506-605d-41db-b904-efbaf9795d2aName: แม่หิต (6305010804)"`;

exports[`src/containers/pages/interventionPlan/updateplan/caseDetials works well with store: Case Details 1`] = `"Case Number: 191316000004593200125140915723"`;
