// Jest Snapshot v1, https://goo.gl/fbAQLP

exports[`components/InterventionPlan/UpdatePlan deduces the fiReason field value correctly: fiReason field 1`] = `
<select
  className="form-control"
  disabled={true}
  id="fiReason"
  name="fiReason"
  onBlur={[Function]}
  onChange={[Function]}
  required={true}
  value="Routine"
>
  <option>
    ----
  </option>
  <option
    key="Routine"
    value="Routine"
  >
    Routine
  </option>
  <option
    key="Case Triggered"
    value="Case Triggered"
  >
    Case Triggered
  </option>
</select>
`;

exports[`components/InterventionPlan/UpdatePlan renders plan Location names component: Renders PlanLocation Mock 1`] = `
<div
  id="Helmuth"
>
   No plan survives enemy contact. 
</div>
`;

exports[`components/InterventionPlan/UpdatePlan renders plan definition list correctly: Breadcrumb 1`] = `
<Breadcrumb
  aria-label="breadcrumb"
  className="reveal-breadcrumb"
  listTag="ol"
  tag="nav"
>
  <nav
    aria-label="breadcrumb"
    className="reveal-breadcrumb"
  >
    <ol
      className="breadcrumb"
    >
      <BreadcrumbItem
        key="reveal-breadcrumb-0"
        tag="li"
      >
        <li
          className="breadcrumb-item"
        >
          <Link
            key="0"
            to="/"
          >
            <LinkAnchor
              href="/"
              navigate={[Function]}
            >
              <a
                href="/"
                onClick={[Function]}
              >
                Home
              </a>
            </LinkAnchor>
          </Link>
        </li>
      </BreadcrumbItem>
      <BreadcrumbItem
        key="reveal-breadcrumb-1"
        tag="li"
      >
        <li
          className="breadcrumb-item"
        >
          <Link
            key="1"
            to="/plans/list"
          >
            <LinkAnchor
              href="/plans/list"
              navigate={[Function]}
            >
              <a
                href="/plans/list"
                onClick={[Function]}
              >
                Manage Plans
              </a>
            </LinkAnchor>
          </Link>
        </li>
      </BreadcrumbItem>
      <BreadcrumbItem
        active={true}
        tag="li"
      >
        <li
          aria-current="page"
          className="active breadcrumb-item"
        >
          Update Plan: TwoTwoOne_01 IRS 2019-07-10
        </li>
      </BreadcrumbItem>
    </ol>
  </nav>
</Breadcrumb>
`;

exports[`components/InterventionPlan/UpdatePlan renders plan definition list correctly: Page title 1`] = `
<h3
  className="mb-3 page-title"
>
  Update Plan: TwoTwoOne_01 IRS 2019-07-10
</h3>
`;
