// Jest Snapshot v1, https://goo.gl/fbAQLP

exports[`src/components/InlineSearchForm renders InlineSearchForm correctly 1`] = `
<form
  className="form-inline"
  onReset={[Function]}
  onSubmit={[Function]}
>
  <FormGroup
    className="mb-2 mr-sm-2 mb-sm-0"
    tag="div"
  >
    <div
      className="mb-2 mr-sm-2 mb-sm-0 form-group"
    >
      <FormikConnect(FieldInner)
        id="search"
        name="searchText"
        placeholder="Search"
        type="text"
      >
        <FieldInner
          formik={
            Object {
              "dirty": false,
              "errors": Object {},
              "handleBlur": [Function],
              "handleChange": [Function],
              "handleReset": [Function],
              "handleSubmit": [Function],
              "initialValues": Object {
                "searchText": "",
              },
              "isSubmitting": false,
              "isValid": false,
              "isValidating": false,
              "registerField": [Function],
              "resetForm": [Function],
              "setError": [Function],
              "setErrors": [Function],
              "setFieldError": [Function],
              "setFieldTouched": [Function],
              "setFieldValue": [Function],
              "setFormikState": [Function],
              "setStatus": [Function],
              "setSubmitting": [Function],
              "setTouched": [Function],
              "setValues": [Function],
              "status": undefined,
              "submitCount": 0,
              "submitForm": [Function],
              "touched": Object {},
              "unregisterField": [Function],
              "validate": undefined,
              "validateField": [Function],
              "validateForm": [Function],
              "validateOnBlur": true,
              "validateOnChange": true,
              "validationSchema": undefined,
              "values": Object {
                "searchText": "",
              },
            }
          }
          id="search"
          name="searchText"
          placeholder="Search"
          type="text"
        >
          <input
            id="search"
            name="searchText"
            onBlur={[Function]}
            onChange={[Function]}
            placeholder="Search"
            type="text"
            value=""
          />
        </FieldInner>
      </FormikConnect(FieldInner)>
    </div>
  </FormGroup>
  <Button
    color="success"
    id="submit"
    outline={true}
    tag="button"
    type="submit"
  >
    <button
      aria-label={null}
      className="btn btn-outline-success"
      id="submit"
      onClick={[Function]}
      type="submit"
    >
      Search
    </button>
  </Button>
</form>
`;
