// Jest Snapshot v1, https://goo.gl/fbAQLP

exports[`components/ConnectedLogout renders the ConnectedLogout component 1`] = `
<Connect(Logout)>
  <Logout
    logoutActionCreator={[Function]}
    redirectPath="/login"
  >
    <Redirect
      push={false}
      to="/login"
    />
  </Logout>
</Connect(Logout)>
`;

exports[`components/ConnectedLogout renders the ConnectedLogout when logged in 1`] = `
<Connect(Logout)>
  <Logout
    logoutActionCreator={[Function]}
    redirectPath="/login"
  >
    <Redirect
      push={false}
      to="/login"
    />
  </Logout>
</Connect(Logout)>
`;
