// Jest Snapshot v1, https://goo.gl/fbAQLP

exports[`containers/pages/IRS/performanceReport/reports/ renders correctly data collectors page: data collector page breadcrumbs 1 1`] = `"Home"`;

exports[`containers/pages/IRS/performanceReport/reports/ renders correctly data collectors page: data collector page breadcrumbs 2 1`] = `"IRS Performance Reporting"`;

exports[`containers/pages/IRS/performanceReport/reports/ renders correctly data collectors page: data collector page breadcrumbs 3 1`] = `"IRS 2019-09-05 TEST"`;

exports[`containers/pages/IRS/performanceReport/reports/ renders correctly data collectors page: data collector page breadcrumbs 4 1`] = `"Nchelenge District (2020)"`;

exports[`containers/pages/IRS/performanceReport/reports/ renders correctly data collectors page: data collector table data 1 1`] = `"NL6:Lillian Mulubwa"`;

exports[`containers/pages/IRS/performanceReport/reports/ renders correctly data collectors page: data collector table data 2 1`] = `"0"`;

exports[`containers/pages/IRS/performanceReport/reports/ renders correctly data collectors page: data collector table data 3 1`] = `"1"`;

exports[`containers/pages/IRS/performanceReport/reports/ renders correctly data collectors page: data collector table data 4 1`] = `"13:55"`;

exports[`containers/pages/IRS/performanceReport/reports/ renders correctly data collectors page: data collector table data 5 1`] = `"14:01"`;

exports[`containers/pages/IRS/performanceReport/reports/ renders correctly data collectors page: data collector table data 6 1`] = `"00:05"`;

exports[`containers/pages/IRS/performanceReport/reports/ renders correctly data collectors page: data collector table data 7 1`] = `"0.34"`;

exports[`containers/pages/IRS/performanceReport/reports/ renders correctly data collectors page: data collector table data 8 1`] = `""`;

exports[`containers/pages/IRS/performanceReport/reports/ renders correctly data collectors page: data collector table header 1 1`] = `"Data Collector"`;

exports[`containers/pages/IRS/performanceReport/reports/ renders correctly data collectors page: data collector table header 2 1`] = `"Number Days Worked"`;

exports[`containers/pages/IRS/performanceReport/reports/ renders correctly data collectors page: data collector table header 3 1`] = `"Average Structure Per Day"`;

exports[`containers/pages/IRS/performanceReport/reports/ renders correctly data collectors page: data collector table header 4 1`] = `"Average Start Time"`;

exports[`containers/pages/IRS/performanceReport/reports/ renders correctly data collectors page: data collector table header 5 1`] = `"Average End Time"`;

exports[`containers/pages/IRS/performanceReport/reports/ renders correctly data collectors page: data collector table header 6 1`] = `"Average Duration in the Field per Day"`;

exports[`containers/pages/IRS/performanceReport/reports/ renders correctly data collectors page: data collector table header 7 1`] = `"Insectcide Usage Rate*"`;

exports[`containers/pages/IRS/performanceReport/reports/ renders correctly data collectors page: data collector table header 8 1`] = `"Data Quality Check"`;

exports[`containers/pages/IRS/performanceReport/reports/ renders correctly district page: districts page breadcrumbs 1 1`] = `"Home"`;

exports[`containers/pages/IRS/performanceReport/reports/ renders correctly district page: districts page breadcrumbs 2 1`] = `"IRS Performance Reporting"`;

exports[`containers/pages/IRS/performanceReport/reports/ renders correctly district page: districts page breadcrumbs 3 1`] = `"IRS 2019-09-05 TEST"`;

exports[`containers/pages/IRS/performanceReport/reports/ renders correctly district page: districts table data 1 1`] = `"Nchelenge District (2020)"`;

exports[`containers/pages/IRS/performanceReport/reports/ renders correctly district page: districts table data 2 1`] = `"0"`;

exports[`containers/pages/IRS/performanceReport/reports/ renders correctly district page: districts table data 3 1`] = `"6"`;

exports[`containers/pages/IRS/performanceReport/reports/ renders correctly district page: districts table data 4 1`] = `"15:58"`;

exports[`containers/pages/IRS/performanceReport/reports/ renders correctly district page: districts table data 5 1`] = `"16:01"`;

exports[`containers/pages/IRS/performanceReport/reports/ renders correctly district page: districts table data 6 1`] = `"00:03"`;

exports[`containers/pages/IRS/performanceReport/reports/ renders correctly district page: districts table data 7 1`] = `"0.61"`;

exports[`containers/pages/IRS/performanceReport/reports/ renders correctly district page: districts table data 8 1`] = `""`;

exports[`containers/pages/IRS/performanceReport/reports/ renders correctly district page: districts table header 1 1`] = `"District"`;

exports[`containers/pages/IRS/performanceReport/reports/ renders correctly district page: districts table header 2 1`] = `"Number of Days Teams in Field"`;

exports[`containers/pages/IRS/performanceReport/reports/ renders correctly district page: districts table header 3 1`] = `"Average Structure Per Day"`;

exports[`containers/pages/IRS/performanceReport/reports/ renders correctly district page: districts table header 4 1`] = `"Average Start Time"`;

exports[`containers/pages/IRS/performanceReport/reports/ renders correctly district page: districts table header 5 1`] = `"Average End Time"`;

exports[`containers/pages/IRS/performanceReport/reports/ renders correctly district page: districts table header 6 1`] = `"Average Duration in the Field per Day"`;

exports[`containers/pages/IRS/performanceReport/reports/ renders correctly district page: districts table header 7 1`] = `"Insectcide Usage Rate*"`;

exports[`containers/pages/IRS/performanceReport/reports/ renders correctly district page: districts table header 8 1`] = `"Data Quality Check"`;

exports[`containers/pages/IRS/performanceReport/reports/ renders correctly spray operator by date page: sop by date page breadcrumbs 1 1`] = `"Home"`;

exports[`containers/pages/IRS/performanceReport/reports/ renders correctly spray operator by date page: sop by date page breadcrumbs 2 1`] = `"IRS Performance Reporting"`;

exports[`containers/pages/IRS/performanceReport/reports/ renders correctly spray operator by date page: sop by date page breadcrumbs 3 1`] = `"IRS 2019-09-05 TEST"`;

exports[`containers/pages/IRS/performanceReport/reports/ renders correctly spray operator by date page: sop by date page breadcrumbs 4 1`] = `"Nchelenge District (2020)"`;

exports[`containers/pages/IRS/performanceReport/reports/ renders correctly spray operator by date page: sop by date page breadcrumbs 5 1`] = `"NL6:Lillian Mulubwa"`;

exports[`containers/pages/IRS/performanceReport/reports/ renders correctly spray operator by date page: sop by date page breadcrumbs 6 1`] = `"ZM-SOP-2019-21017:Chomba Gladys"`;

exports[`containers/pages/IRS/performanceReport/reports/ renders correctly spray operator by date page: sop by date table data 1 1`] = `"1"`;

exports[`containers/pages/IRS/performanceReport/reports/ renders correctly spray operator by date page: sop by date table data 2 1`] = `"2020-08-25"`;

exports[`containers/pages/IRS/performanceReport/reports/ renders correctly spray operator by date page: sop by date table data 3 1`] = `"1"`;

exports[`containers/pages/IRS/performanceReport/reports/ renders correctly spray operator by date page: sop by date table data 4 1`] = `"1"`;

exports[`containers/pages/IRS/performanceReport/reports/ renders correctly spray operator by date page: sop by date table data 5 1`] = `"0"`;

exports[`containers/pages/IRS/performanceReport/reports/ renders correctly spray operator by date page: sop by date table data 6 1`] = `"0"`;

exports[`containers/pages/IRS/performanceReport/reports/ renders correctly spray operator by date page: sop by date table data 7 1`] = `"0"`;

exports[`containers/pages/IRS/performanceReport/reports/ renders correctly spray operator by date page: sop by date table data 8 1`] = `"13:55"`;

exports[`containers/pages/IRS/performanceReport/reports/ renders correctly spray operator by date page: sop by date table data 9 1`] = `"14:01"`;

exports[`containers/pages/IRS/performanceReport/reports/ renders correctly spray operator by date page: sop by date table data 10 1`] = `"00:05"`;

exports[`containers/pages/IRS/performanceReport/reports/ renders correctly spray operator by date page: sop by date table data 11 1`] = `"2"`;

exports[`containers/pages/IRS/performanceReport/reports/ renders correctly spray operator by date page: sop by date table data 12 1`] = `""`;

exports[`containers/pages/IRS/performanceReport/reports/ renders correctly spray operator by date page: sop by date table data 13 1`] = `"0"`;

exports[`containers/pages/IRS/performanceReport/reports/ renders correctly spray operator by date page: sop by date table data 14 1`] = `"0"`;

exports[`containers/pages/IRS/performanceReport/reports/ renders correctly spray operator by date page: sop by date table header 1 1`] = `" "`;

exports[`containers/pages/IRS/performanceReport/reports/ renders correctly spray operator by date page: sop by date table header 2 1`] = `" "`;

exports[`containers/pages/IRS/performanceReport/reports/ renders correctly spray operator by date page: sop by date table header 3 1`] = `" "`;

exports[`containers/pages/IRS/performanceReport/reports/ renders correctly spray operator by date page: sop by date table header 4 1`] = `"Number of Structures"`;

exports[`containers/pages/IRS/performanceReport/reports/ renders correctly spray operator by date page: sop by date table header 5 1`] = `" "`;

exports[`containers/pages/IRS/performanceReport/reports/ renders correctly spray operator by date page: sop by date table header 6 1`] = `" "`;

exports[`containers/pages/IRS/performanceReport/reports/ renders correctly spray operator by date page: sop by date table header 7 1`] = `" "`;

exports[`containers/pages/IRS/performanceReport/reports/ renders correctly spray operator by date page: sop by date table header 8 1`] = `" "`;

exports[`containers/pages/IRS/performanceReport/reports/ renders correctly spray operator by date page: sop by date table header 9 1`] = `" "`;

exports[`containers/pages/IRS/performanceReport/reports/ renders correctly spray operator by date page: sop by date table header 10 1`] = `" "`;

exports[`containers/pages/IRS/performanceReport/reports/ renders correctly spray operator by date page: sop by date table header 11 1`] = `" "`;

exports[`containers/pages/IRS/performanceReport/reports/ renders correctly spray operator by date page: sop by date table header 12 1`] = `" "`;

exports[`containers/pages/IRS/performanceReport/reports/ renders correctly spray operator by date page: sop by date table header 13 1`] = `" "`;

exports[`containers/pages/IRS/performanceReport/reports/ renders correctly spray operator by date page: sop by date table header 14 1`] = `"Number of Structures"`;

exports[`containers/pages/IRS/performanceReport/reports/ renders correctly spray operator by date page: sop by date table header 15 1`] = `"Not Sprayed"`;

exports[`containers/pages/IRS/performanceReport/reports/ renders correctly spray operator by date page: sop by date table header 16 1`] = `" "`;

exports[`containers/pages/IRS/performanceReport/reports/ renders correctly spray operator by date page: sop by date table header 17 1`] = `" "`;

exports[`containers/pages/IRS/performanceReport/reports/ renders correctly spray operator by date page: sop by date table header 18 1`] = `" "`;

exports[`containers/pages/IRS/performanceReport/reports/ renders correctly spray operator by date page: sop by date table header 19 1`] = `" "`;

exports[`containers/pages/IRS/performanceReport/reports/ renders correctly spray operator by date page: sop by date table header 20 1`] = `" "`;

exports[`containers/pages/IRS/performanceReport/reports/ renders correctly spray operator by date page: sop by date table header 21 1`] = `" "`;

exports[`containers/pages/IRS/performanceReport/reports/ renders correctly spray operator by date page: sop by date table header 22 1`] = `" "`;

exports[`containers/pages/IRS/performanceReport/reports/ renders correctly spray operator by date page: sop by date table header 23 1`] = `"Day"`;

exports[`containers/pages/IRS/performanceReport/reports/ renders correctly spray operator by date page: sop by date table header 24 1`] = `"Date"`;

exports[`containers/pages/IRS/performanceReport/reports/ renders correctly spray operator by date page: sop by date table header 25 1`] = `"Found"`;

exports[`containers/pages/IRS/performanceReport/reports/ renders correctly spray operator by date page: sop by date table header 26 1`] = `"Sprayed"`;

exports[`containers/pages/IRS/performanceReport/reports/ renders correctly spray operator by date page: sop by date table header 27 1`] = `"Refused"`;

exports[`containers/pages/IRS/performanceReport/reports/ renders correctly spray operator by date page: sop by date table header 28 1`] = `"Other"`;

exports[`containers/pages/IRS/performanceReport/reports/ renders correctly spray operator by date page: sop by date table header 29 1`] = `"Total"`;

exports[`containers/pages/IRS/performanceReport/reports/ renders correctly spray operator by date page: sop by date table header 30 1`] = `"Average Start Time"`;

exports[`containers/pages/IRS/performanceReport/reports/ renders correctly spray operator by date page: sop by date table header 31 1`] = `"Average End Time"`;

exports[`containers/pages/IRS/performanceReport/reports/ renders correctly spray operator by date page: sop by date table header 32 1`] = `"Average Duration in the Field per Day"`;

exports[`containers/pages/IRS/performanceReport/reports/ renders correctly spray operator by date page: sop by date table header 33 1`] = `"Bottles/Sachets Used"`;

exports[`containers/pages/IRS/performanceReport/reports/ renders correctly spray operator by date page: sop by date table header 34 1`] = `"Data Quality Check"`;

exports[`containers/pages/IRS/performanceReport/reports/ renders correctly spray operator by date page: sop by date table header 35 1`] = `"Found Difference"`;

exports[`containers/pages/IRS/performanceReport/reports/ renders correctly spray operator by date page: sop by date table header 36 1`] = `"Sprayed Difference"`;

exports[`containers/pages/IRS/performanceReport/reports/ renders correctly spray operator page: sop page breadcrumbs 1 1`] = `"Home"`;

exports[`containers/pages/IRS/performanceReport/reports/ renders correctly spray operator page: sop page breadcrumbs 2 1`] = `"IRS Performance Reporting"`;

exports[`containers/pages/IRS/performanceReport/reports/ renders correctly spray operator page: sop page breadcrumbs 3 1`] = `"IRS 2019-09-05 TEST"`;

exports[`containers/pages/IRS/performanceReport/reports/ renders correctly spray operator page: sop page breadcrumbs 4 1`] = `"Nchelenge District (2020)"`;

exports[`containers/pages/IRS/performanceReport/reports/ renders correctly spray operator page: sop page breadcrumbs 5 1`] = `"NL6:Lillian Mulubwa"`;

exports[`containers/pages/IRS/performanceReport/reports/ renders correctly spray operator page: sop table data 1 1`] = `"ZM-SOP-2019-21017:Chomba Gladys"`;

exports[`containers/pages/IRS/performanceReport/reports/ renders correctly spray operator page: sop table data 2 1`] = `"0"`;

exports[`containers/pages/IRS/performanceReport/reports/ renders correctly spray operator page: sop table data 3 1`] = `"1"`;

exports[`containers/pages/IRS/performanceReport/reports/ renders correctly spray operator page: sop table data 4 1`] = `"1"`;

exports[`containers/pages/IRS/performanceReport/reports/ renders correctly spray operator page: sop table data 5 1`] = `"0"`;

exports[`containers/pages/IRS/performanceReport/reports/ renders correctly spray operator page: sop table data 6 1`] = `"1"`;

exports[`containers/pages/IRS/performanceReport/reports/ renders correctly spray operator page: sop table data 7 1`] = `"13:55"`;

exports[`containers/pages/IRS/performanceReport/reports/ renders correctly spray operator page: sop table data 8 1`] = `"14:01"`;

exports[`containers/pages/IRS/performanceReport/reports/ renders correctly spray operator page: sop table data 9 1`] = `"00:05"`;

exports[`containers/pages/IRS/performanceReport/reports/ renders correctly spray operator page: sop table data 10 1`] = `"0.34"`;

exports[`containers/pages/IRS/performanceReport/reports/ renders correctly spray operator page: sop table data 11 1`] = `""`;

exports[`containers/pages/IRS/performanceReport/reports/ renders correctly spray operator page: sop table data 12 1`] = `"-5"`;

exports[`containers/pages/IRS/performanceReport/reports/ renders correctly spray operator page: sop table data 13 1`] = `"0"`;

exports[`containers/pages/IRS/performanceReport/reports/ renders correctly spray operator page: sop table header 1 1`] = `" "`;

exports[`containers/pages/IRS/performanceReport/reports/ renders correctly spray operator page: sop table header 2 1`] = `" "`;

exports[`containers/pages/IRS/performanceReport/reports/ renders correctly spray operator page: sop table header 3 1`] = `"Number of Structures(Latest submission)"`;

exports[`containers/pages/IRS/performanceReport/reports/ renders correctly spray operator page: sop table header 4 1`] = `" "`;

exports[`containers/pages/IRS/performanceReport/reports/ renders correctly spray operator page: sop table header 5 1`] = `" "`;

exports[`containers/pages/IRS/performanceReport/reports/ renders correctly spray operator page: sop table header 6 1`] = `" "`;

exports[`containers/pages/IRS/performanceReport/reports/ renders correctly spray operator page: sop table header 7 1`] = `" "`;

exports[`containers/pages/IRS/performanceReport/reports/ renders correctly spray operator page: sop table header 8 1`] = `" "`;

exports[`containers/pages/IRS/performanceReport/reports/ renders correctly spray operator page: sop table header 9 1`] = `" "`;

exports[`containers/pages/IRS/performanceReport/reports/ renders correctly spray operator page: sop table header 10 1`] = `" "`;

exports[`containers/pages/IRS/performanceReport/reports/ renders correctly spray operator page: sop table header 11 1`] = `" "`;

exports[`containers/pages/IRS/performanceReport/reports/ renders correctly spray operator page: sop table header 12 1`] = `"Spray Operator"`;

exports[`containers/pages/IRS/performanceReport/reports/ renders correctly spray operator page: sop table header 13 1`] = `"Number Days Worked"`;

exports[`containers/pages/IRS/performanceReport/reports/ renders correctly spray operator page: sop table header 14 1`] = `"Found"`;

exports[`containers/pages/IRS/performanceReport/reports/ renders correctly spray operator page: sop table header 15 1`] = `"Sprayed"`;

exports[`containers/pages/IRS/performanceReport/reports/ renders correctly spray operator page: sop table header 16 1`] = `"Not Sprayed"`;

exports[`containers/pages/IRS/performanceReport/reports/ renders correctly spray operator page: sop table header 17 1`] = `"Average Structure Per Day"`;

exports[`containers/pages/IRS/performanceReport/reports/ renders correctly spray operator page: sop table header 18 1`] = `"Average Start Time"`;

exports[`containers/pages/IRS/performanceReport/reports/ renders correctly spray operator page: sop table header 19 1`] = `"Average End Time"`;

exports[`containers/pages/IRS/performanceReport/reports/ renders correctly spray operator page: sop table header 20 1`] = `"Average Duration in the Field per Day"`;

exports[`containers/pages/IRS/performanceReport/reports/ renders correctly spray operator page: sop table header 21 1`] = `"Insectcide Usage Rate*"`;

exports[`containers/pages/IRS/performanceReport/reports/ renders correctly spray operator page: sop table header 22 1`] = `"Data Quality Check"`;

exports[`containers/pages/IRS/performanceReport/reports/ renders correctly spray operator page: sop table header 23 1`] = `"Found Difference (Latest Submission)"`;

exports[`containers/pages/IRS/performanceReport/reports/ renders correctly spray operator page: sop table header 24 1`] = `"Sprayed Difference (Latest Submission)"`;
