// Jest Snapshot v1, https://goo.gl/fbAQLP

exports[`components/MDA/Lite/Reports/wards renders correctly 1`] = `
<div
  className="mapLegend"
>
  <h6>
    Legend
  </h6>
  <div
    className="sidebar-legend-item"
    key="0"
  >
    <span
      className="sidebar-legend-color"
      style={
        Object {
          "backgroundColor": "#68BB0C",
        }
      }
    />
    <span
      className="sidebar-legend-label"
    >
      Complete
    </span>
  </div>
  <div
    className="sidebar-legend-item"
    key="1"
  >
    <span
      className="sidebar-legend-color"
      style={
        Object {
          "backgroundColor": "#FF851B",
        }
      }
    />
    <span
      className="sidebar-legend-label"
    >
      In Progress
    </span>
  </div>
  <div
    className="sidebar-legend-item"
    key="2"
  >
    <span
      className="sidebar-legend-color"
      style={
        Object {
          "backgroundColor": "#FFCA16",
        }
      }
    />
    <span
      className="sidebar-legend-label"
    >
      Not Visited
    </span>
  </div>
  <hr />
</div>
`;
